Archive member included because of file (symbol)

d:/hpnew/downloads/00-tools/imt tools/sdk/imt_sdk_win_64/winavr/bin/../lib/gcc/avr/4.3.3/avr5\libgcc.a(_exit.o)
                              d:/hpnew/downloads/00-tools/imt tools/sdk/imt_sdk_win_64/winavr/bin/../lib/gcc/avr/4.3.3/../../../../avr/lib/avr5/crtm32.o (exit)
d:/hpnew/downloads/00-tools/imt tools/sdk/imt_sdk_win_64/winavr/bin/../lib/gcc/avr/4.3.3/avr5\libgcc.a(_copy_data.o)
                              ./tasks.o (__do_copy_data)
d:/hpnew/downloads/00-tools/imt tools/sdk/imt_sdk_win_64/winavr/bin/../lib/gcc/avr/4.3.3/avr5\libgcc.a(_clear_bss.o)
                              ./EXTI_prg.o (__do_clear_bss)
d:/hpnew/downloads/00-tools/imt tools/sdk/imt_sdk_win_64/winavr/bin/../lib/gcc/avr/4.3.3/../../../../avr/lib/avr5\libc.a(memcpy.o)
                              ./queue.o (memcpy)
d:/hpnew/downloads/00-tools/imt tools/sdk/imt_sdk_win_64/winavr/bin/../lib/gcc/avr/4.3.3/../../../../avr/lib/avr5\libc.a(memset.o)
                              ./tasks.o (memset)
d:/hpnew/downloads/00-tools/imt tools/sdk/imt_sdk_win_64/winavr/bin/../lib/gcc/avr/4.3.3/../../../../avr/lib/avr5\libc.a(strncpy.o)
                              ./tasks.o (strncpy)

Memory Configuration

Name             Origin             Length             Attributes
text             0x00000000         0x00020000         xr
data             0x00800060         0x0000ffa0         rw !x
eeprom           0x00810000         0x00010000         rw !x
fuse             0x00820000         0x00000400         rw !x
lock             0x00830000         0x00000400         rw !x
signature        0x00840000         0x00000400         rw !x
*default*        0x00000000         0xffffffff

Linker script and memory map

LOAD d:/hpnew/downloads/00-tools/imt tools/sdk/imt_sdk_win_64/winavr/bin/../lib/gcc/avr/4.3.3/../../../../avr/lib/avr5/crtm32.o
LOAD ./DIO_prg.o
LOAD ./EXTI_prg.o
LOAD ./GIE_prg.o
LOAD ./croutine.o
LOAD ./heap_1.o
LOAD ./list.o
LOAD ./main.o
LOAD ./port.o
LOAD ./queue.o
LOAD ./tasks.o
LOAD ./timers.o
LOAD d:/hpnew/downloads/00-tools/imt tools/sdk/imt_sdk_win_64/winavr/bin/../lib/gcc/avr/4.3.3/avr5\libgcc.a
LOAD d:/hpnew/downloads/00-tools/imt tools/sdk/imt_sdk_win_64/winavr/bin/../lib/gcc/avr/4.3.3/../../../../avr/lib/avr5\libc.a
LOAD d:/hpnew/downloads/00-tools/imt tools/sdk/imt_sdk_win_64/winavr/bin/../lib/gcc/avr/4.3.3/avr5\libgcc.a

.hash
 *(.hash)

.dynsym
 *(.dynsym)

.dynstr
 *(.dynstr)

.gnu.version
 *(.gnu.version)

.gnu.version_d
 *(.gnu.version_d)

.gnu.version_r
 *(.gnu.version_r)

.rel.init
 *(.rel.init)

.rela.init
 *(.rela.init)

.rel.text
 *(.rel.text)
 *(.rel.text.*)
 *(.rel.gnu.linkonce.t*)

.rela.text
 *(.rela.text)
 *(.rela.text.*)
 *(.rela.gnu.linkonce.t*)

.rel.fini
 *(.rel.fini)

.rela.fini
 *(.rela.fini)

.rel.rodata
 *(.rel.rodata)
 *(.rel.rodata.*)
 *(.rel.gnu.linkonce.r*)

.rela.rodata
 *(.rela.rodata)
 *(.rela.rodata.*)
 *(.rela.gnu.linkonce.r*)

.rel.data
 *(.rel.data)
 *(.rel.data.*)
 *(.rel.gnu.linkonce.d*)

.rela.data
 *(.rela.data)
 *(.rela.data.*)
 *(.rela.gnu.linkonce.d*)

.rel.ctors
 *(.rel.ctors)

.rela.ctors
 *(.rela.ctors)

.rel.dtors
 *(.rel.dtors)

.rela.dtors
 *(.rela.dtors)

.rel.got
 *(.rel.got)

.rela.got
 *(.rela.got)

.rel.bss
 *(.rel.bss)

.rela.bss
 *(.rela.bss)

.rel.plt
 *(.rel.plt)

.rela.plt
 *(.rela.plt)

.text           0x00000000     0x3280
 *(.vectors)
 .vectors       0x00000000       0x54 d:/hpnew/downloads/00-tools/imt tools/sdk/imt_sdk_win_64/winavr/bin/../lib/gcc/avr/4.3.3/../../../../avr/lib/avr5/crtm32.o
                0x00000000                __vectors
                0x00000000                __vector_default
 *(.vectors)
 *(.progmem.gcc*)
 *(.progmem*)
                0x00000054                . = ALIGN (0x2)
                0x00000054                __trampolines_start = .
 *(.trampolines)
 .trampolines   0x00000054        0x0 linker stubs
 *(.trampolines*)
                0x00000054                __trampolines_end = .
 *(.jumptables)
 *(.jumptables*)
 *(.lowtext)
 *(.lowtext*)
                0x00000054                __ctors_start = .
 *(.ctors)
                0x00000054                __ctors_end = .
                0x00000054                __dtors_start = .
 *(.dtors)
                0x00000054                __dtors_end = .
 SORT(*)(.ctors)
 SORT(*)(.dtors)
 *(.init0)
 .init0         0x00000054        0x0 d:/hpnew/downloads/00-tools/imt tools/sdk/imt_sdk_win_64/winavr/bin/../lib/gcc/avr/4.3.3/../../../../avr/lib/avr5/crtm32.o
                0x00000054                __init
 *(.init0)
 *(.init1)
 *(.init1)
 *(.init2)
 .init2         0x00000054        0xc d:/hpnew/downloads/00-tools/imt tools/sdk/imt_sdk_win_64/winavr/bin/../lib/gcc/avr/4.3.3/../../../../avr/lib/avr5/crtm32.o
 *(.init2)
 *(.init3)
 *(.init3)
 *(.init4)
 .init4         0x00000060       0x16 d:/hpnew/downloads/00-tools/imt tools/sdk/imt_sdk_win_64/winavr/bin/../lib/gcc/avr/4.3.3/avr5\libgcc.a(_copy_data.o)
                0x00000060                __do_copy_data
 .init4         0x00000076       0x10 d:/hpnew/downloads/00-tools/imt tools/sdk/imt_sdk_win_64/winavr/bin/../lib/gcc/avr/4.3.3/avr5\libgcc.a(_clear_bss.o)
                0x00000076                __do_clear_bss
 *(.init4)
 *(.init5)
 *(.init5)
 *(.init6)
 *(.init6)
 *(.init7)
 *(.init7)
 *(.init8)
 *(.init8)
 *(.init9)
 .init9         0x00000086        0x8 d:/hpnew/downloads/00-tools/imt tools/sdk/imt_sdk_win_64/winavr/bin/../lib/gcc/avr/4.3.3/../../../../avr/lib/avr5/crtm32.o
 *(.init9)
 *(.text)
 .text          0x0000008e        0x4 d:/hpnew/downloads/00-tools/imt tools/sdk/imt_sdk_win_64/winavr/bin/../lib/gcc/avr/4.3.3/../../../../avr/lib/avr5/crtm32.o
                0x0000008e                __vector_12
                0x0000008e                __bad_interrupt
                0x0000008e                __vector_6
                0x0000008e                __vector_11
                0x0000008e                __vector_13
                0x0000008e                __vector_17
                0x0000008e                __vector_19
                0x0000008e                __vector_5
                0x0000008e                __vector_4
                0x0000008e                __vector_9
                0x0000008e                __vector_15
                0x0000008e                __vector_8
                0x0000008e                __vector_14
                0x0000008e                __vector_10
                0x0000008e                __vector_16
                0x0000008e                __vector_18
                0x0000008e                __vector_20
 .text          0x00000092        0x0 ./DIO_prg.o
 .text          0x00000092        0x0 ./EXTI_prg.o
 .text          0x00000092        0x0 ./GIE_prg.o
 .text          0x00000092        0x0 ./croutine.o
 .text          0x00000092        0x0 ./heap_1.o
 .text          0x00000092        0x0 ./list.o
 .text          0x00000092        0x0 ./main.o
 .text          0x00000092        0x0 ./port.o
 .text          0x00000092        0x0 ./queue.o
 .text          0x00000092        0x0 ./tasks.o
 .text          0x00000092        0x0 ./timers.o
 .text          0x00000092        0x0 d:/hpnew/downloads/00-tools/imt tools/sdk/imt_sdk_win_64/winavr/bin/../lib/gcc/avr/4.3.3/avr5\libgcc.a(_exit.o)
 .text          0x00000092        0x0 d:/hpnew/downloads/00-tools/imt tools/sdk/imt_sdk_win_64/winavr/bin/../lib/gcc/avr/4.3.3/avr5\libgcc.a(_copy_data.o)
 .text          0x00000092        0x0 d:/hpnew/downloads/00-tools/imt tools/sdk/imt_sdk_win_64/winavr/bin/../lib/gcc/avr/4.3.3/avr5\libgcc.a(_clear_bss.o)
 .text          0x00000092        0x0 d:/hpnew/downloads/00-tools/imt tools/sdk/imt_sdk_win_64/winavr/bin/../lib/gcc/avr/4.3.3/../../../../avr/lib/avr5\libc.a(memcpy.o)
 .text          0x00000092        0x0 d:/hpnew/downloads/00-tools/imt tools/sdk/imt_sdk_win_64/winavr/bin/../lib/gcc/avr/4.3.3/../../../../avr/lib/avr5\libc.a(memset.o)
 .text          0x00000092        0x0 d:/hpnew/downloads/00-tools/imt tools/sdk/imt_sdk_win_64/winavr/bin/../lib/gcc/avr/4.3.3/../../../../avr/lib/avr5\libc.a(strncpy.o)
                0x00000092                . = ALIGN (0x2)
 *(.text.*)
 .text.DIO_SetPinDirection
                0x00000092      0x1e4 ./DIO_prg.o
                0x00000092                DIO_SetPinDirection
 .text.DIO_SetPinValue
                0x00000276      0x1e4 ./DIO_prg.o
                0x00000276                DIO_SetPinValue
 .text.DIO_GetPinValue
                0x0000045a       0xf2 ./DIO_prg.o
                0x0000045a                DIO_GetPinValue
 .text.DIO_GetPinValueByPtr
                0x0000054c      0x108 ./DIO_prg.o
                0x0000054c                DIO_GetPinValueByPtr
 .text.DIO_SetPortDirection
                0x00000654       0x82 ./DIO_prg.o
                0x00000654                DIO_SetPortDirection
 .text.DIO_SetPortValue
                0x000006d6       0x82 ./DIO_prg.o
                0x000006d6                DIO_SetPortValue
 .text.EXTI_SetTriggerMode
                0x00000758       0x54 ./EXTI_prg.o
                0x00000758                EXTI_SetTriggerMode
 .text.EXTI0_ChangeTriggerMode
                0x000007ac       0xce ./EXTI_prg.o
                0x000007ac                EXTI0_ChangeTriggerMode
 .text.EXTI_Enable
                0x0000087a       0x6e ./EXTI_prg.o
                0x0000087a                EXTI_Enable
 .text.EXTI_Disable
                0x000008e8       0x6e ./EXTI_prg.o
                0x000008e8                EXTI_Disable
 .text.EXTI0_CallBackFunc
                0x00000956       0x24 ./EXTI_prg.o
                0x00000956                EXTI0_CallBackFunc
 .text.EXTI1_CallBackFunc
                0x0000097a       0x24 ./EXTI_prg.o
                0x0000097a                EXTI1_CallBackFunc
 .text.EXTI2_CallBackFunc
                0x0000099e       0x24 ./EXTI_prg.o
                0x0000099e                EXTI2_CallBackFunc
 .text.__vector_1
                0x000009c2       0x5a ./EXTI_prg.o
                0x000009c2                __vector_1
 .text.__vector_2
                0x00000a1c       0x5a ./EXTI_prg.o
                0x00000a1c                __vector_2
 .text.__vector_3
                0x00000a76       0x5a ./EXTI_prg.o
                0x00000a76                __vector_3
 .text.GIE_Enable
                0x00000ad0       0x1c ./GIE_prg.o
                0x00000ad0                GIE_Enable
 .text.GIE_Disable
                0x00000aec       0x1c ./GIE_prg.o
                0x00000aec                GIE_Disable
 .text.xCoRoutineCreate
                0x00000b08      0x128 ./croutine.o
                0x00000b08                xCoRoutineCreate
 .text.vCoRoutineAddToDelayedList
                0x00000c30       0xc2 ./croutine.o
                0x00000c30                vCoRoutineAddToDelayedList
 .text.prvCheckPendingReadyList
                0x00000cf2       0x94 ./croutine.o
 .text.prvCheckDelayedList
                0x00000d86      0x15c ./croutine.o
 .text.vCoRoutineSchedule
                0x00000ee2       0xf4 ./croutine.o
                0x00000ee2                vCoRoutineSchedule
 .text.prvInitialiseCoRoutineLists
                0x00000fd6       0x72 ./croutine.o
 .text.xCoRoutineRemoveFromEventList
                0x00001048       0x70 ./croutine.o
                0x00001048                xCoRoutineRemoveFromEventList
 .text.pvPortMalloc
                0x000010b8       0x8c ./heap_1.o
                0x000010b8                pvPortMalloc
 .text.vPortFree
                0x00001144       0x18 ./heap_1.o
                0x00001144                vPortFree
 .text.vPortInitialiseBlocks
                0x0000115c       0x16 ./heap_1.o
                0x0000115c                vPortInitialiseBlocks
 .text.xPortGetFreeHeapSize
                0x00001172       0x1e ./heap_1.o
                0x00001172                xPortGetFreeHeapSize
 .text.vListInitialise
                0x00001190       0x54 ./list.o
                0x00001190                vListInitialise
 .text.vListInitialiseItem
                0x000011e4       0x20 ./list.o
                0x000011e4                vListInitialiseItem
 .text.vListInsertEnd
                0x00001204       0x98 ./list.o
                0x00001204                vListInsertEnd
 .text.vListInsert
                0x0000129c       0xd8 ./list.o
                0x0000129c                vListInsert
 .text.vListRemove
                0x00001374       0x92 ./list.o
                0x00001374                vListRemove
 .text.led1     0x00001406       0x40 ./main.o
                0x00001406                led1
 .text.led2     0x00001446       0x40 ./main.o
                0x00001446                led2
 .text.led3     0x00001486       0x40 ./main.o
                0x00001486                led3
 .text.main     0x000014c6       0xd4 ./main.o
                0x000014c6                main
 .text.func     0x0000159a       0x28 ./main.o
                0x0000159a                func
 .text.pxPortInitialiseStack
                0x000015c2      0x306 ./port.o
                0x000015c2                pxPortInitialiseStack
 .text.xPortStartScheduler
                0x000018c8       0x6a ./port.o
                0x000018c8                xPortStartScheduler
 .text.vPortEndScheduler
                0x00001932        0xe ./port.o
                0x00001932                vPortEndScheduler
 .text.vPortYield
                0x00001940       0xb2 ./port.o
                0x00001940                vPortYield
 .text.vPortYieldFromTick
                0x000019f2       0xb6 ./port.o
                0x000019f2                vPortYieldFromTick
 .text.prvSetupTimerInterrupt
                0x00001aa8       0xb8 ./port.o
 .text.__vector_7
                0x00001b60        0x6 ./port.o
                0x00001b60                __vector_7
 .text.xQueueCreate
                0x00001b66      0x152 ./queue.o
                0x00001b66                xQueueCreate
 .text.xQueueGenericSend
                0x00001cb8      0x13c ./queue.o
                0x00001cb8                xQueueGenericSend
 .text.xQueueGenericSendFromISR
                0x00001df4       0x9a ./queue.o
                0x00001df4                xQueueGenericSendFromISR
 .text.xQueueGenericReceive
                0x00001e8e      0x180 ./queue.o
                0x00001e8e                xQueueGenericReceive
 .text.xQueueReceiveFromISR
                0x0000200e       0x9e ./queue.o
                0x0000200e                xQueueReceiveFromISR
 .text.uxQueueMessagesWaiting
                0x000020ac       0x30 ./queue.o
                0x000020ac                uxQueueMessagesWaiting
 .text.uxQueueMessagesWaitingFromISR
                0x000020dc       0x26 ./queue.o
                0x000020dc                uxQueueMessagesWaitingFromISR
 .text.vQueueDelete
                0x00002102       0x2c ./queue.o
                0x00002102                vQueueDelete
 .text.prvCopyDataToQueue
                0x0000212e      0x12a ./queue.o
 .text.prvCopyDataFromQueue
                0x00002258       0x90 ./queue.o
 .text.prvUnlockQueue
                0x000022e8       0xa8 ./queue.o
 .text.prvIsQueueEmpty
                0x00002390       0x38 ./queue.o
 .text.xQueueIsQueueEmptyFromISR
                0x000023c8       0x2e ./queue.o
                0x000023c8                xQueueIsQueueEmptyFromISR
 .text.prvIsQueueFull
                0x000023f6       0x3e ./queue.o
 .text.xQueueIsQueueFullFromISR
                0x00002434       0x34 ./queue.o
                0x00002434                xQueueIsQueueFullFromISR
 .text.xTaskGenericCreate
                0x00002468      0x1da ./tasks.o
                0x00002468                xTaskGenericCreate
 .text.vTaskDelete
                0x00002642       0xc6 ./tasks.o
                0x00002642                vTaskDelete
 .text.vTaskDelayUntil
                0x00002708       0xe8 ./tasks.o
                0x00002708                vTaskDelayUntil
 .text.vTaskDelay
                0x000027f0       0x6a ./tasks.o
                0x000027f0                vTaskDelay
 .text.vTaskStartScheduler
                0x0000285a       0x6e ./tasks.o
                0x0000285a                vTaskStartScheduler
 .text.vTaskEndScheduler
                0x000028c8       0x18 ./tasks.o
                0x000028c8                vTaskEndScheduler
 .text.vTaskSuspendAll
                0x000028e0       0x18 ./tasks.o
                0x000028e0                vTaskSuspendAll
 .text.xTaskResumeAll
                0x000028f8      0x114 ./tasks.o
                0x000028f8                xTaskResumeAll
 .text.xTaskGetTickCount
                0x00002a0c       0x2e ./tasks.o
                0x00002a0c                xTaskGetTickCount
 .text.xTaskGetTickCountFromISR
                0x00002a3a       0x2a ./tasks.o
                0x00002a3a                xTaskGetTickCountFromISR
 .text.uxTaskGetNumberOfTasks
                0x00002a64       0x12 ./tasks.o
                0x00002a64                uxTaskGetNumberOfTasks
 .text.vTaskIncrementTick
                0x00002a76      0x1aa ./tasks.o
                0x00002a76                vTaskIncrementTick
 .text.vTaskSwitchContext
                0x00002c20       0xcc ./tasks.o
                0x00002c20                vTaskSwitchContext
 .text.vTaskPlaceOnEventList
                0x00002cec       0x6c ./tasks.o
                0x00002cec                vTaskPlaceOnEventList
 .text.xTaskRemoveFromEventList
                0x00002d58       0xd0 ./tasks.o
                0x00002d58                xTaskRemoveFromEventList
 .text.vTaskSetTimeOutState
                0x00002e28       0x32 ./tasks.o
                0x00002e28                vTaskSetTimeOutState
 .text.xTaskCheckForTimeOut
                0x00002e5a       0xba ./tasks.o
                0x00002e5a                xTaskCheckForTimeOut
 .text.vTaskMissedYield
                0x00002f14       0x14 ./tasks.o
                0x00002f14                vTaskMissedYield
 .text.prvIdleTask
                0x00002f28       0x14 ./tasks.o
 .text.prvInitialiseTCBVariables
                0x00002f3c       0xae ./tasks.o
 .text.prvInitialiseTaskLists
                0x00002fea       0x7a ./tasks.o
 .text.prvCheckTasksWaitingTermination
                0x00003064       0x7c ./tasks.o
 .text.prvAddCurrentTaskToDelayedList
                0x000030e0       0x92 ./tasks.o
 .text.prvAllocateTCBAndStack
                0x00003172       0xa0 ./tasks.o
 .text.prvDeleteTCB
                0x00003212       0x2c ./tasks.o
 .text.libgcc   0x0000323e        0x0 d:/hpnew/downloads/00-tools/imt tools/sdk/imt_sdk_win_64/winavr/bin/../lib/gcc/avr/4.3.3/avr5\libgcc.a(_exit.o)
 .text.libgcc   0x0000323e        0x0 d:/hpnew/downloads/00-tools/imt tools/sdk/imt_sdk_win_64/winavr/bin/../lib/gcc/avr/4.3.3/avr5\libgcc.a(_copy_data.o)
 .text.libgcc   0x0000323e        0x0 d:/hpnew/downloads/00-tools/imt tools/sdk/imt_sdk_win_64/winavr/bin/../lib/gcc/avr/4.3.3/avr5\libgcc.a(_clear_bss.o)
 .text.avr-libc
                0x0000323e       0x12 d:/hpnew/downloads/00-tools/imt tools/sdk/imt_sdk_win_64/winavr/bin/../lib/gcc/avr/4.3.3/../../../../avr/lib/avr5\libc.a(memcpy.o)
                0x0000323e                memcpy
 .text.avr-libc
                0x00003250        0xe d:/hpnew/downloads/00-tools/imt tools/sdk/imt_sdk_win_64/winavr/bin/../lib/gcc/avr/4.3.3/../../../../avr/lib/avr5\libc.a(memset.o)
                0x00003250                memset
 .text.avr-libc
                0x0000325e       0x1e d:/hpnew/downloads/00-tools/imt tools/sdk/imt_sdk_win_64/winavr/bin/../lib/gcc/avr/4.3.3/../../../../avr/lib/avr5\libc.a(strncpy.o)
                0x0000325e                strncpy
                0x0000327c                . = ALIGN (0x2)
 *(.fini9)
 .fini9         0x0000327c        0x0 d:/hpnew/downloads/00-tools/imt tools/sdk/imt_sdk_win_64/winavr/bin/../lib/gcc/avr/4.3.3/avr5\libgcc.a(_exit.o)
                0x0000327c                exit
                0x0000327c                _exit
 *(.fini9)
 *(.fini8)
 *(.fini8)
 *(.fini7)
 *(.fini7)
 *(.fini6)
 *(.fini6)
 *(.fini5)
 *(.fini5)
 *(.fini4)
 *(.fini4)
 *(.fini3)
 *(.fini3)
 *(.fini2)
 *(.fini2)
 *(.fini1)
 *(.fini1)
 *(.fini0)
 .fini0         0x0000327c        0x4 d:/hpnew/downloads/00-tools/imt tools/sdk/imt_sdk_win_64/winavr/bin/../lib/gcc/avr/4.3.3/avr5\libgcc.a(_exit.o)
 *(.fini0)
                0x00003280                _etext = .

.data           0x00800060        0x8 load address 0x00003280
                0x00800060                PROVIDE (__data_start, .)
 *(.data)
 .data          0x00800060        0x0 d:/hpnew/downloads/00-tools/imt tools/sdk/imt_sdk_win_64/winavr/bin/../lib/gcc/avr/4.3.3/../../../../avr/lib/avr5/crtm32.o
 .data          0x00800060        0x0 ./DIO_prg.o
 .data          0x00800060        0x0 ./EXTI_prg.o
 .data          0x00800060        0x0 ./GIE_prg.o
 .data          0x00800060        0x0 ./croutine.o
 .data          0x00800060        0x0 ./heap_1.o
 .data          0x00800060        0x0 ./list.o
 .data          0x00800060        0x0 ./main.o
 .data          0x00800060        0x0 ./port.o
 .data          0x00800060        0x0 ./queue.o
 .data          0x00800060        0x5 ./tasks.o
 .data          0x00800065        0x0 ./timers.o
 .data          0x00800065        0x0 d:/hpnew/downloads/00-tools/imt tools/sdk/imt_sdk_win_64/winavr/bin/../lib/gcc/avr/4.3.3/avr5\libgcc.a(_exit.o)
 .data          0x00800065        0x0 d:/hpnew/downloads/00-tools/imt tools/sdk/imt_sdk_win_64/winavr/bin/../lib/gcc/avr/4.3.3/avr5\libgcc.a(_copy_data.o)
 .data          0x00800065        0x0 d:/hpnew/downloads/00-tools/imt tools/sdk/imt_sdk_win_64/winavr/bin/../lib/gcc/avr/4.3.3/avr5\libgcc.a(_clear_bss.o)
 .data          0x00800065        0x0 d:/hpnew/downloads/00-tools/imt tools/sdk/imt_sdk_win_64/winavr/bin/../lib/gcc/avr/4.3.3/../../../../avr/lib/avr5\libc.a(memcpy.o)
 .data          0x00800065        0x0 d:/hpnew/downloads/00-tools/imt tools/sdk/imt_sdk_win_64/winavr/bin/../lib/gcc/avr/4.3.3/../../../../avr/lib/avr5\libc.a(memset.o)
 .data          0x00800065        0x0 d:/hpnew/downloads/00-tools/imt tools/sdk/imt_sdk_win_64/winavr/bin/../lib/gcc/avr/4.3.3/../../../../avr/lib/avr5\libc.a(strncpy.o)
 *(.data*)
 .data.xNextTaskUnblockTime
                0x00800065        0x2 ./tasks.o
 *(.rodata)
 *(.rodata*)
 *(.gnu.linkonce.d*)
                0x00800068                . = ALIGN (0x2)
 *fill*         0x00800067        0x1 00
                0x00800068                _edata = .
                0x00800068                PROVIDE (__data_end, .)

.bss            0x00800068      0x300
                0x00800068                PROVIDE (__bss_start, .)
 *(.bss)
 .bss           0x00800068        0x0 d:/hpnew/downloads/00-tools/imt tools/sdk/imt_sdk_win_64/winavr/bin/../lib/gcc/avr/4.3.3/../../../../avr/lib/avr5/crtm32.o
 .bss           0x00800068        0x0 ./DIO_prg.o
 .bss           0x00800068        0x0 ./EXTI_prg.o
 .bss           0x00800068        0x0 ./GIE_prg.o
 .bss           0x00800068        0x0 ./croutine.o
 .bss           0x00800068        0x0 ./heap_1.o
 .bss           0x00800068        0x0 ./list.o
 .bss           0x00800068        0x0 ./main.o
 .bss           0x00800068        0x0 ./port.o
 .bss           0x00800068        0x0 ./queue.o
 .bss           0x00800068        0x0 ./tasks.o
 .bss           0x00800068        0x0 ./timers.o
 .bss           0x00800068        0x0 d:/hpnew/downloads/00-tools/imt tools/sdk/imt_sdk_win_64/winavr/bin/../lib/gcc/avr/4.3.3/avr5\libgcc.a(_exit.o)
 .bss           0x00800068        0x0 d:/hpnew/downloads/00-tools/imt tools/sdk/imt_sdk_win_64/winavr/bin/../lib/gcc/avr/4.3.3/avr5\libgcc.a(_copy_data.o)
 .bss           0x00800068        0x0 d:/hpnew/downloads/00-tools/imt tools/sdk/imt_sdk_win_64/winavr/bin/../lib/gcc/avr/4.3.3/avr5\libgcc.a(_clear_bss.o)
 .bss           0x00800068        0x0 d:/hpnew/downloads/00-tools/imt tools/sdk/imt_sdk_win_64/winavr/bin/../lib/gcc/avr/4.3.3/../../../../avr/lib/avr5\libc.a(memcpy.o)
 .bss           0x00800068        0x0 d:/hpnew/downloads/00-tools/imt tools/sdk/imt_sdk_win_64/winavr/bin/../lib/gcc/avr/4.3.3/../../../../avr/lib/avr5\libc.a(memset.o)
 .bss           0x00800068        0x0 d:/hpnew/downloads/00-tools/imt tools/sdk/imt_sdk_win_64/winavr/bin/../lib/gcc/avr/4.3.3/../../../../avr/lib/avr5\libc.a(strncpy.o)
 *(.bss*)
 .bss.EXTI0_GlobalPtr
                0x00800068        0x2 ./EXTI_prg.o
                0x00800068                EXTI0_GlobalPtr
 .bss.EXTI1_GlobalPtr
                0x0080006a        0x2 ./EXTI_prg.o
                0x0080006a                EXTI1_GlobalPtr
 .bss.EXTI2_GlobalPtr
                0x0080006c        0x2 ./EXTI_prg.o
                0x0080006c                EXTI2_GlobalPtr
 .bss.pxCurrentCoRoutine
                0x0080006e        0x2 ./croutine.o
                0x0080006e                pxCurrentCoRoutine
 .bss.uxTopCoRoutineReadyPriority
                0x00800070        0x1 ./croutine.o
 .bss.xCoRoutineTickCount
                0x00800071        0x2 ./croutine.o
 .bss.xLastTickCount
                0x00800073        0x2 ./croutine.o
 .bss.xPassedTicks
                0x00800075        0x2 ./croutine.o
 .bss.pxReadyCoRoutineLists
                0x00800077       0x12 ./croutine.o
 .bss.xDelayedCoRoutineList1
                0x00800089        0x9 ./croutine.o
 .bss.xDelayedCoRoutineList2
                0x00800092        0x9 ./croutine.o
 .bss.pxDelayedCoRoutineList
                0x0080009b        0x2 ./croutine.o
 .bss.pxOverflowDelayedCoRoutineList
                0x0080009d        0x2 ./croutine.o
 .bss.xPendingReadyCoRoutineList
                0x0080009f        0x9 ./croutine.o
 .bss.xNextFreeByte
                0x008000a8        0x2 ./heap_1.o
 .bss.xHeap     0x008000aa      0x258 ./heap_1.o
 .bss.i.1430    0x00800302        0x1 ./main.o
 .bss.i.1439    0x00800303        0x1 ./main.o
 .bss.i.1448    0x00800304        0x1 ./main.o
 .bss.pxCurrentTCB
                0x00800305        0x2 ./tasks.o
                0x00800305                pxCurrentTCB
 .bss.uxTasksDeleted
                0x00800307        0x1 ./tasks.o
 .bss.uxCurrentNumberOfTasks
                0x00800308        0x1 ./tasks.o
 .bss.xTickCount
                0x00800309        0x2 ./tasks.o
 .bss.uxTopUsedPriority
                0x0080030b        0x1 ./tasks.o
 .bss.uxTopReadyPriority
                0x0080030c        0x1 ./tasks.o
 .bss.xSchedulerRunning
                0x0080030d        0x1 ./tasks.o
 .bss.uxSchedulerSuspended
                0x0080030e        0x1 ./tasks.o
 .bss.uxMissedTicks
                0x0080030f        0x1 ./tasks.o
 .bss.xMissedYield
                0x00800310        0x1 ./tasks.o
 .bss.xNumOfOverflows
                0x00800311        0x1 ./tasks.o
 .bss.uxTaskNumber
                0x00800312        0x1 ./tasks.o
 .bss.pxReadyTasksLists
                0x00800313       0x2d ./tasks.o
 .bss.xDelayedTaskList1
                0x00800340        0x9 ./tasks.o
 .bss.xDelayedTaskList2
                0x00800349        0x9 ./tasks.o
 .bss.pxDelayedTaskList
                0x00800352        0x2 ./tasks.o
 .bss.pxOverflowDelayedTaskList
                0x00800354        0x2 ./tasks.o
 .bss.xPendingReadyList
                0x00800356        0x9 ./tasks.o
 .bss.xTasksWaitingTermination
                0x0080035f        0x9 ./tasks.o
 *(COMMON)
                0x00800368                PROVIDE (__bss_end, .)
                0x00003280                __data_load_start = LOADADDR (.data)
                0x00003288                __data_load_end = (__data_load_start + SIZEOF (.data))

.noinit         0x00800368        0x0
                0x00800368                PROVIDE (__noinit_start, .)
 *(.noinit*)
                0x00800368                PROVIDE (__noinit_end, .)
                0x00800368                _end = .
                0x00800368                PROVIDE (__heap_start, .)

.eeprom         0x00810000        0x0
 *(.eeprom*)
                0x00810000                __eeprom_end = .

.fuse
 *(.fuse)
 *(.lfuse)
 *(.hfuse)
 *(.efuse)

.lock
 *(.lock*)

.signature
 *(.signature*)

.stab           0x00000000     0x50a0
 *(.stab)
 .stab          0x00000000      0x5a0 ./DIO_prg.o
 .stab          0x000005a0      0x408 ./EXTI_prg.o
                                0x480 (size before relaxing)
 .stab          0x000009a8      0x144 ./GIE_prg.o
                                0x1bc (size before relaxing)
 .stab          0x00000aec      0xb34 ./croutine.o
                                0xb40 (size before relaxing)
 .stab          0x00001620      0x354 ./heap_1.o
                                0x624 (size before relaxing)
 .stab          0x00001974      0x474 ./list.o
                                0x750 (size before relaxing)
 .stab          0x00001de8      0x4a4 ./main.o
                                0x810 (size before relaxing)
 .stab          0x0000228c      0x840 ./port.o
                                0xb70 (size before relaxing)
 .stab          0x00002acc      0xe94 ./queue.o
                               0x11d0 (size before relaxing)
 .stab          0x00003960     0x1578 ./tasks.o
                               0x17d0 (size before relaxing)
 .stab          0x00004ed8      0x1c8 ./timers.o
                                0x4c8 (size before relaxing)

.stabstr        0x00000000     0x2e93
 *(.stabstr)
 .stabstr       0x00000000     0x2e93 ./DIO_prg.o

.stab.excl
 *(.stab.excl)

.stab.exclstr
 *(.stab.exclstr)

.stab.index
 *(.stab.index)

.stab.indexstr
 *(.stab.indexstr)

.comment
 *(.comment)

.debug
 *(.debug)

.line
 *(.line)

.debug_srcinfo
 *(.debug_srcinfo)

.debug_sfnames
 *(.debug_sfnames)

.debug_aranges
 *(.debug_aranges)

.debug_pubnames
 *(.debug_pubnames)

.debug_info
 *(.debug_info)
 *(.gnu.linkonce.wi.*)

.debug_abbrev
 *(.debug_abbrev)

.debug_line
 *(.debug_line)

.debug_frame
 *(.debug_frame)

.debug_str
 *(.debug_str)

.debug_loc
 *(.debug_loc)

.debug_macinfo
 *(.debug_macinfo)
OUTPUT(FreeRTOS.elf elf32-avr)
LOAD linker stubs
